[2026-03-12T07:47:49Z] [WRAPPER] ── Wrapper cycle 1 starting ──
[2026-03-12T07:47:49Z] [WRAPPER] ── Memory trim starting ──
[2026-03-12T07:47:49Z] [WRAPPER] ── Memory trim complete ──
[2026-03-12T07:47:49Z] [WRAPPER] Running node heartbeat.js...
[2026-03-12T07:49:28Z] [WRAPPER] Heartbeat completed (exit 0).
[2026-03-12T07:49:28Z] [WRAPPER] ── Wrapper cycle 1 complete ──
[2026-03-12T08:30:01Z] [WRAPPER] ── Wrapper cycle 2 starting ──
[2026-03-12T08:30:01Z] [WRAPPER] Next trim in 22 cycle(s) (last: 2026-03-12T07:47:49Z)
[2026-03-12T08:30:01Z] [WRAPPER] Running node heartbeat.js...
[2026-03-12T08:30:56Z] [WRAPPER] Heartbeat completed (exit 0).
[2026-03-12T08:30:56Z] [WRAPPER] ── Wrapper cycle 2 complete ──
[2026-03-12T09:30:01Z] [WRAPPER] ── Wrapper cycle 3 starting ──
[2026-03-12T09:30:01Z] [WRAPPER] Next trim in 21 cycle(s) (last: 2026-03-12T07:47:49Z)
[2026-03-12T09:30:01Z] [WRAPPER] Running node heartbeat.js...
[2026-03-12T09:38:26Z] [WRAPPER] Heartbeat completed (exit 0).
[2026-03-12T09:38:26Z] [WRAPPER] ── Wrapper cycle 3 complete ──
[2026-03-12T10:30:01Z] [WRAPPER] ── Wrapper cycle 4 starting ──
[2026-03-12T10:30:01Z] [WRAPPER] Next trim in 20 cycle(s) (last: 2026-03-12T07:47:49Z)
[2026-03-12T10:30:01Z] [WRAPPER] Running node heartbeat.js...
[2026-03-12T10:42:01Z] [WRAPPER] Heartbeat completed (exit 0).
[2026-03-12T10:42:01Z] [WRAPPER] ── Wrapper cycle 4 complete ──
[2026-03-12T11:30:01Z] [WRAPPER] ── Wrapper cycle 5 starting ──
[2026-03-12T11:30:01Z] [WRAPPER] Next trim in 19 cycle(s) (last: 2026-03-12T07:47:49Z)
[2026-03-12T11:30:01Z] [WRAPPER] Running node heartbeat.js...
[2026-03-12T11:31:51Z] [WRAPPER] Heartbeat completed (exit 0).
[2026-03-12T11:31:51Z] [WRAPPER] ── Wrapper cycle 5 complete ──
